[tajtriptour.in/index9ed2.html]
[backblue.gif]
[fade.gif]
[index.html]
[tajtriptour.in/indexef8e.html]
[tajtriptour.in/assets/images/logo.png]
[tajtriptour.in/about9ed2.html]
[tajtriptour.in/service-detaileae7.html]
[tajtriptour.in/service-detail0579.html]
[tajtriptour.in/service-detail93e6.html]
[tajtriptour.in/service-detail90ef.html]
[tajtriptour.in/service-detaile7da.html]
[tajtriptour.in/service-detailc838.html]
[tajtriptour.in/service-detail5c36.html]
[tajtriptour.in/service-detailce77.html]
[tajtriptour.in/service-detailf925.html]
[tajtriptour.in/service-detailea37.html]
[tajtriptour.in/service-detail7c58.html]
[tajtriptour.in/service-detail178b.html]
[tajtriptour.in/service-detail2d54.html]
[tajtriptour.in/pmjay9ed2.html]
[tajtriptour.in/tpa9ed2.html]
[tajtriptour.in/doctors9ed2.html]
[tajtriptour.in/contact9ed2.html]
[tajtriptour.in/assets/images/prelogo.png]
[tajtriptour.in/index9ed2.html]
[tajtriptour.in/aboutef8e.html]
[tajtriptour.in/service-detailfd82.html]
[tajtriptour.in/service-detail2754.html]
[tajtriptour.in/service-detail912b.html]
[tajtriptour.in/service-detailaa2c.html]
[tajtriptour.in/service-detail210a.html]
[tajtriptour.in/service-detail05cf.html]
[tajtriptour.in/service-detail870b.html]
[tajtriptour.in/service-detail4d72.html]
[tajtriptour.in/service-detail8a18.html]
[tajtriptour.in/service-detail03e8.html]
[tajtriptour.in/service-detail9e43.html]
[tajtriptour.in/service-detail4df1.html]
[tajtriptour.in/service-detail8bc7.html]
[tajtriptour.in/pmjayef8e.html]
[tajtriptour.in/tpaef8e.html]
[tajtriptour.in/doctorsef8e.html]
[tajtriptour.in/contactef8e.html]
[tajtriptour.in/indexef8e.html]
[tajtriptour.in/about9ed2.html]
[tajtriptour.in/service-detaileae7.html]
[tajtriptour.in/service-detail0579.html]
[tajtriptour.in/service-detail93e6.html]
[tajtriptour.in/service-detail90ef.html]
[tajtriptour.in/service-detaile7da.html]
[tajtriptour.in/service-detailc838.html]
[tajtriptour.in/service-detail5c36.html]
[tajtriptour.in/service-detailce77.html]
[tajtriptour.in/service-detailf925.html]
[tajtriptour.in/service-detailea37.html]
[tajtriptour.in/service-detail7c58.html]
[tajtriptour.in/service-detail178b.html]
[tajtriptour.in/service-detail2d54.html]
[tajtriptour.in/pmjay9ed2.html]
[tajtriptour.in/tpa9ed2.html]
[tajtriptour.in/doctors9ed2.html]
[tajtriptour.in/contact9ed2.html]
[tajtriptour.in/aboutef8e.html]
[tajtriptour.in/service-detailef8e.html]
[tajtriptour.in/service-detailfd82.html]
[tajtriptour.in/service-detail2754.html]
[tajtriptour.in/service-detail912b.html]
[tajtriptour.in/service-detailaa2c.html]
[tajtriptour.in/service-detail210a.html]
[tajtriptour.in/service-detail05cf.html]
[tajtriptour.in/service-detail870b.html]
[tajtriptour.in/service-detail4d72.html]
[tajtriptour.in/service-detail8a18.html]
[tajtriptour.in/service-detail03e8.html]
[tajtriptour.in/service-detail9e43.html]
[tajtriptour.in/service-detail4df1.html]
[tajtriptour.in/service-detail8bc7.html]
[tajtriptour.in/pmjayef8e.html]
[tajtriptour.in/tpaef8e.html]
[tajtriptour.in/doctorsef8e.html]
[tajtriptour.in/contactef8e.html]
[tajtriptour.in/service-detailef8e.html]
[tajtriptour.in/service-detail9ed2.html]
[tajtriptour.in/service-detail9ed2.html]
